foo 3 bar 4
foo 1 bar 1.400000 wow hi
foo 1.400000
